---
source: owlc-lexer/src/lexer.rs
expression: "lex_str(\"1120323489\")"
---
[
    Token {
        kind: LiteralInt(
            1120323489,
        ),
        span: Span {
            lo: BytePos(
                0,
            ),
            hi: BytePos(
                10,
            ),
        },
    },
]
