---
source: owlc-lexer/src/lexer.rs
expression: "lex_str(\"my_variable\")"
---
[
    Token {
        kind: Identifier(
            "my_variable",
        ),
        loc: Span {
            lo: BytePos(
                0,
            ),
            hi: BytePos(
                10,
            ),
        },
    },
]
