---
source: owlc-lexer/src/lexer.rs
expression: "lex_str(\"== <= >= < >\")"
---
[
    Token {
        kind: OpEqualsEquals,
        span: Span {
            lo: BytePos(
                0,
            ),
            hi: BytePos(
                2,
            ),
        },
    },
    Token {
        kind: OpEqualsLessThan,
        span: Span {
            lo: BytePos(
                3,
            ),
            hi: BytePos(
                5,
            ),
        },
    },
    Token {
        kind: OpEqualsGreaterThan,
        span: Span {
            lo: BytePos(
                6,
            ),
            hi: BytePos(
                8,
            ),
        },
    },
    Token {
        kind: OpLessThan,
        span: Span {
            lo: BytePos(
                9,
            ),
            hi: BytePos(
                10,
            ),
        },
    },
    Token {
        kind: OpGreaterThan,
        span: Span {
            lo: BytePos(
                11,
            ),
            hi: BytePos(
                12,
            ),
        },
    },
]
