---
source: owlc-parser/src/parser.rs
expression: "parse_str_as_expr(\"-1 + 2\")"
---
Expr {
    kind: BinaryExpr {
        lhs: Expr {
            kind: BinaryExpr {
                lhs: Expr {
                    kind: Literal(
                        0,
                    ),
                    span: Span {
                        lo: BytePos(
                            0,
                        ),
                        hi: BytePos(
                            0,
                        ),
                    },
                },
                rhs: Expr {
                    kind: Literal(
                        1,
                    ),
                    span: Span {
                        lo: BytePos(
                            1,
                        ),
                        hi: BytePos(
                            3,
                        ),
                    },
                },
                op_type: OpMinus,
            },
            span: Span {
                lo: BytePos(
                    0,
                ),
                hi: BytePos(
                    3,
                ),
            },
        },
        rhs: Expr {
            kind: Literal(
                2,
            ),
            span: Span {
                lo: BytePos(
                    5,
                ),
                hi: BytePos(
                    6,
                ),
            },
        },
        op_type: OpPlus,
    },
    span: Span {
        lo: BytePos(
            0,
        ),
        hi: BytePos(
            6,
        ),
    },
}
