---
source: owlc-parser/src/parser.rs
expression: "parse_str_as_unit(\"fn recursion() {\n                return recursion();\n            }\")"
---
CompilationUnit {
    entry_file_name: "<test>",
    functions: [
        Stmt {
            kind: Fn {
                proto: FnProto {
                    args: [],
                    iden: "recursion",
                },
                body: Some(
                    Block {
                        stmts: [
                            Stmt {
                                kind: Return {
                                    value: Expr {
                                        kind: FuncCall {
                                            callee: "recursion",
                                            args: [],
                                        },
                                        span: Span {
                                            lo: BytePos(
                                                40,
                                            ),
                                            hi: BytePos(
                                                51,
                                            ),
                                        },
                                    },
                                },
                                span: Span {
                                    lo: BytePos(
                                        33,
                                    ),
                                    hi: BytePos(
                                        51,
                                    ),
                                },
                            },
                        ],
                    },
                ),
            },
            span: Span {
                lo: BytePos(
                    0,
                ),
                hi: BytePos(
                    66,
                ),
            },
        },
    ],
}
