---
source: owlc-parser/src/parser.rs
expression: "parse_str_as_stmt(\"let x = 1 + 1;\")"
---
Stmt {
    kind: Let {
        iden: "x",
        initializer: Expr {
            kind: BinaryExpr {
                lhs: Expr {
                    kind: Literal(
                        1,
                    ),
                },
                rhs: Expr {
                    kind: Literal(
                        1,
                    ),
                },
                op_type: OpPlus,
            },
        },
    },
}
