---
source: owlc-parser/src/parser.rs
expression: "parse_str_as_expr(\"-my_var\")"
---
Expr {
    kind: BinaryExpr {
        lhs: Expr {
            kind: Literal(
                0,
            ),
            span: Span {
                lo: BytePos(
                    0,
                ),
                hi: BytePos(
                    0,
                ),
            },
        },
        rhs: Expr {
            kind: Identifier(
                "my_var",
            ),
            span: Span {
                lo: BytePos(
                    1,
                ),
                hi: BytePos(
                    7,
                ),
            },
        },
        op_type: OpMinus,
    },
    span: Span {
        lo: BytePos(
            0,
        ),
        hi: BytePos(
            7,
        ),
    },
}
