---
source: owlc-parser/src/parser.rs
expression: "parse_str_as_stmt(\"while x < 10 { println(x); x = x + 1; }\")"
---
Stmt {
    kind: While {
        condition: Expr {
            kind: BinaryExpr {
                lhs: Expr {
                    kind: Identifier(
                        "x",
                    ),
                    span: Span {
                        lo: BytePos(
                            6,
                        ),
                        hi: BytePos(
                            8,
                        ),
                    },
                },
                rhs: Expr {
                    kind: Literal(
                        10,
                    ),
                    span: Span {
                        lo: BytePos(
                            10,
                        ),
                        hi: BytePos(
                            13,
                        ),
                    },
                },
                op_type: OpLessThan,
            },
            span: Span {
                lo: BytePos(
                    6,
                ),
                hi: BytePos(
                    13,
                ),
            },
        },
        body: Block {
            stmts: [
                Stmt {
                    kind: ExprSemi {
                        expr: Expr {
                            kind: FuncCall {
                                callee: "println",
                                args: [
                                    Expr {
                                        kind: Identifier(
                                            "x",
                                        ),
                                        span: Span {
                                            lo: BytePos(
                                                23,
                                            ),
                                            hi: BytePos(
                                                24,
                                            ),
                                        },
                                    },
                                ],
                            },
                            span: Span {
                                lo: BytePos(
                                    15,
                                ),
                                hi: BytePos(
                                    25,
                                ),
                            },
                        },
                    },
                    span: Span {
                        lo: BytePos(
                            15,
                        ),
                        hi: BytePos(
                            27,
                        ),
                    },
                },
                Stmt {
                    kind: ExprSemi {
                        expr: Expr {
                            kind: BinaryExpr {
                                lhs: Expr {
                                    kind: Identifier(
                                        "x",
                                    ),
                                    span: Span {
                                        lo: BytePos(
                                            27,
                                        ),
                                        hi: BytePos(
                                            29,
                                        ),
                                    },
                                },
                                rhs: Expr {
                                    kind: BinaryExpr {
                                        lhs: Expr {
                                            kind: Identifier(
                                                "x",
                                            ),
                                            span: Span {
                                                lo: BytePos(
                                                    31,
                                                ),
                                                hi: BytePos(
                                                    33,
                                                ),
                                            },
                                        },
                                        rhs: Expr {
                                            kind: Literal(
                                                1,
                                            ),
                                            span: Span {
                                                lo: BytePos(
                                                    35,
                                                ),
                                                hi: BytePos(
                                                    36,
                                                ),
                                            },
                                        },
                                        op_type: OpPlus,
                                    },
                                    span: Span {
                                        lo: BytePos(
                                            31,
                                        ),
                                        hi: BytePos(
                                            36,
                                        ),
                                    },
                                },
                                op_type: OpEquals,
                            },
                            span: Span {
                                lo: BytePos(
                                    27,
                                ),
                                hi: BytePos(
                                    36,
                                ),
                            },
                        },
                    },
                    span: Span {
                        lo: BytePos(
                            27,
                        ),
                        hi: BytePos(
                            38,
                        ),
                    },
                },
            ],
        },
    },
    span: Span {
        lo: BytePos(
            0,
        ),
        hi: BytePos(
            39,
        ),
    },
}
