---
source: owlc-parser/src/parser.rs
expression: "parse_str_as_expr(\"func(nested_func())\")"
---
Expr {
    kind: FuncCall {
        callee: "func",
        args: [
            Expr {
                kind: FuncCall {
                    callee: "nested_func",
                    args: [],
                },
                span: Span {
                    lo: BytePos(
                        5,
                    ),
                    hi: BytePos(
                        18,
                    ),
                },
            },
        ],
    },
    span: Span {
        lo: BytePos(
            0,
        ),
        hi: BytePos(
            19,
        ),
    },
}
